******************************************************************************
                  TI ARM Linker PC v20.2.7                     
******************************************************************************
>> Linked Mon Apr 10 10:37:46 2023

OUTPUT FILE NAME:   <lab1.out>
ENTRY POINT SYMBOL: "_c_int00_noargs"  address: 000004c9


MEMORY CONFIGURATION

         name            origin    length      used     unused   attr    fill
----------------------  --------  ---------  --------  --------  ----  --------
  FLASH                 00000000   00040000  0000056a  0003fa96  R  X
  SRAM                  20000000   00008000  0000023c  00007dc4  RW X


SEGMENT ALLOCATION MAP

run origin  load origin   length   init length attrs members
----------  ----------- ---------- ----------- ----- -------
00000000    00000000    0000056c   0000056c    r-x
  00000000    00000000    0000026c   0000026c    r-- .intvecs
  0000026c    0000026c    000002b2   000002b2    r-x .text
  00000520    00000520    0000004c   0000004c    r-- .cinit
20000000    20000000    0000023c   00000000    rw-
  20000000    20000000    00000200   00000000    rw- .stack
  20000200    20000200    0000003c   00000000    rw- .data


SECTION ALLOCATION MAP

 output                                  attributes/
section   page    origin      length       input sections
--------  ----  ----------  ----------   ----------------
.intvecs   0    00000000    0000026c     
                  00000000    0000026c     tm4c123gh6pm_startup_ccs.obj (.intvecs)

.text      0    0000026c    000002b2     
                  0000026c    00000114     main.obj (.text)
                  00000380    0000009c     rtsv7M4_T_le_v4SPD16_eabi.lib : memcpy_t2.asm.obj (.text)
                  0000041c    00000068                                   : copy_decompress_lzss.c.obj (.text:decompress:lzss:__TI_decompress_lzss)
                  00000484    00000044                                   : autoinit.c.obj (.text:__TI_auto_init_nobinit_nopinit:__TI_auto_init_nobinit_nopinit)
                  000004c8    00000034                                   : boot_cortex_m.c.obj (.text:_c_int00_noargs:_c_int00_noargs)
                  000004fc    0000000e                                   : copy_decompress_none.c.obj (.text:decompress:none:__TI_decompress_none)
                  0000050a    0000000c     tm4c123gh6pm_startup_ccs.obj (.text)
                  00000516    00000004     rtsv7M4_T_le_v4SPD16_eabi.lib : pre_init.c.obj (.text:_system_pre_init)
                  0000051a    00000004                                   : exit.c.obj (.text:abort:abort)

.cinit     0    00000520    0000004c     
                  00000520    0000003b     (.cinit..data.load) [load image, compression = lzss]
                  0000055b    00000001     --HOLE-- [fill = 0]
                  0000055c    00000008     (__TI_handler_table)
                  00000564    00000008     (__TI_cinit_table)

.init_array 
*          0    00000000    00000000     UNINITIALIZED

.data      0    20000200    0000003c     UNINITIALIZED
                  20000200    00000020     main.obj (.data:pattern)
                  20000220    0000001c     main.obj (.data)

.stack     0    20000000    00000200     UNINITIALIZED
                  20000000    00000004     rtsv7M4_T_le_v4SPD16_eabi.lib : boot_cortex_m.c.obj (.stack)
                  20000004    000001fc     --HOLE--

__llvm_prf_cnts 
*          0    20000000    00000000     UNINITIALIZED

MODULE SUMMARY

       Module                         code   ro data   rw data
       ------                         ----   -------   -------
    .\
       tm4c123gh6pm_startup_ccs.obj   12     620       0      
       main.obj                       276    0         60     
    +--+------------------------------+------+---------+---------+
       Total:                         288    620       60     
                                                              
    C:\ti\ccs1210\ccs\tools\compiler\ti-cgt-arm_20.2.7.LTS\lib\rtsv7M4_T_le_v4SPD16_eabi.lib
       memcpy_t2.asm.obj              156    0         0      
       copy_decompress_lzss.c.obj     104    0         0      
       autoinit.c.obj                 68     0         0      
       boot_cortex_m.c.obj            52     0         0      
       copy_decompress_none.c.obj     14     0         0      
       exit.c.obj                     4      0         0      
       pre_init.c.obj                 4      0         0      
    +--+------------------------------+------+---------+---------+
       Total:                         402    0         0      
                                                              
       Stack:                         0      0         512    
       Linker Generated:              0      75        0      
    +--+------------------------------+------+---------+---------+
       Grand Total:                   690    695       572    


LINKER GENERATED COPY TABLES

__TI_cinit_table @ 00000564 records: 1, size/record: 8, table size: 8
	.data: load addr=00000520, load size=0000003b bytes, run addr=20000200, run size=0000003c bytes, compression=lzss


LINKER GENERATED HANDLER TABLE

__TI_handler_table @ 0000055c records: 2, size/record: 4, table size: 8
	index: 0, handler: __TI_decompress_lzss
	index: 1, handler: __TI_decompress_none


GLOBAL SYMBOLS: SORTED ALPHABETICALLY BY Name 

address   name                          
-------   ----                          
0000051b  C$$EXIT                       
20000238  GPIO_DATA_READ_R              
20000234  GPIO_DATA_WRITE_R             
20000228  GPIO_DEN_R                    
2000022c  GPIO_DIR_R                    
20000230  GPIO_PEN_R                    
20000224  PRGPIO_R                      
20000220  RCGC_GPIO_R                   
0000050b  ResetISR                      
20000200  __STACK_END                   
00000200  __STACK_SIZE                  
20000200  __STACK_TOP                   
00000564  __TI_CINIT_Base               
0000056c  __TI_CINIT_Limit              
0000055c  __TI_Handler_Table_Base       
00000564  __TI_Handler_Table_Limit      
00000485  __TI_auto_init_nobinit_nopinit
0000041d  __TI_decompress_lzss          
000004fd  __TI_decompress_none          
ffffffff  __TI_pprof_out_hndl           
ffffffff  __TI_prof_data_size           
ffffffff  __TI_prof_data_start          
00000000  __TI_static_base__            
00000381  __aeabi_memcpy                
00000381  __aeabi_memcpy4               
00000381  __aeabi_memcpy8               
ffffffff  __binit__                     
ffffffff  __c_args__                    
UNDEFED   __mpu_init                    
20000000  __stack                       
20000000  __start___llvm_prf_cnts       
20000000  __stop___llvm_prf_cnts        
000004c9  _c_int00_noargs               
UNDEFED   _system_post_cinit            
00000517  _system_pre_init              
0000051b  abort                         
ffffffff  binit                         
00000000  g_pfnVectors                  
0000032b  gpioPortfInit                 
0000026d  main                          
00000381  memcpy                        
00000301  sysTickDelayMs                
000002dd  sysTickInit                   


GLOBAL SYMBOLS: SORTED BY Symbol Address 

address   name                          
-------   ----                          
00000000  __TI_static_base__            
00000000  g_pfnVectors                  
00000200  __STACK_SIZE                  
0000026d  main                          
000002dd  sysTickInit                   
00000301  sysTickDelayMs                
0000032b  gpioPortfInit                 
00000381  __aeabi_memcpy                
00000381  __aeabi_memcpy4               
00000381  __aeabi_memcpy8               
00000381  memcpy                        
0000041d  __TI_decompress_lzss          
00000485  __TI_auto_init_nobinit_nopinit
000004c9  _c_int00_noargs               
000004fd  __TI_decompress_none          
0000050b  ResetISR                      
00000517  _system_pre_init              
0000051b  C$$EXIT                       
0000051b  abort                         
0000055c  __TI_Handler_Table_Base       
00000564  __TI_CINIT_Base               
00000564  __TI_Handler_Table_Limit      
0000056c  __TI_CINIT_Limit              
20000000  __stack                       
20000000  __start___llvm_prf_cnts       
20000000  __stop___llvm_prf_cnts        
20000200  __STACK_END                   
20000200  __STACK_TOP                   
20000220  RCGC_GPIO_R                   
20000224  PRGPIO_R                      
20000228  GPIO_DEN_R                    
2000022c  GPIO_DIR_R                    
20000230  GPIO_PEN_R                    
20000234  GPIO_DATA_WRITE_R             
20000238  GPIO_DATA_READ_R              
ffffffff  __TI_pprof_out_hndl           
ffffffff  __TI_prof_data_size           
ffffffff  __TI_prof_data_start          
ffffffff  __binit__                     
ffffffff  __c_args__                    
ffffffff  binit                         
UNDEFED   __mpu_init                    
UNDEFED   _system_post_cinit            

[43 symbols]
